Hinst Name                                                                          Module Name                                                                                                                                                                 Inst Count           Total Area               Buffer             Inverter        Combinational                 Flop                Latch           Clock Gate                Macro             Physical
--------------------------------------------------------------------------------------------------------------------------------------------------------------------------------------------------------------------------------------------------------------------------------------------------------------------------------------------------------------------------------------------------------------------------------------------------------------------------------
deconv_kernel_estimator_top_level                                                                                                                                                                                                                                    12029          4681017.482            22066.163             8505.658            65865.670            31964.406                0.000             2506.154          4552615.584                0.000
 add_x_3                                                                            deconv_kernel_estimator_top_level_deconv_kernel_estimator_top_level_DW01_inc_J4_0_0                                                                                                 12              162.656                0.000                3.754              158.902                0.000                0.000                0.000                0.000                0.000
 clk_gate_a_coeffs_reg_0_                                                           deconv_kernel_estimator_top_level_SNPS_CLOCK_GATE_HIGH_deconv_kernel_estimator_top_level_2                                                                                           3               48.797                0.000                0.000                3.754               45.043                0.000               45.043                0.000                0.000
 clk_gate_a_coeffs_reg_1_                                                           deconv_kernel_estimator_top_level_SNPS_CLOCK_GATE_HIGH_deconv_kernel_estimator_top_level_3                                                                                           3               48.797                0.000                0.000                3.754               45.043                0.000               45.043                0.000                0.000
 clk_gate_a_coeffs_reg_2_                                                           deconv_kernel_estimator_top_level_SNPS_CLOCK_GATE_HIGH_deconv_kernel_estimator_top_level_4                                                                                           3               48.797                0.000                0.000                3.754               45.043                0.000               45.043                0.000                0.000
 clk_gate_b_coeffs_reg_2_                                                           deconv_kernel_estimator_top_level_SNPS_CLOCK_GATE_HIGH_deconv_kernel_estimator_top_level_1                                                                                           4               52.550                3.754                0.000                3.754               45.043                0.000               45.043                0.000                0.000
 clk_gate_coeff_table_base_addr_bypass_reg                                          deconv_kernel_estimator_top_level_SNPS_CLOCK_GATE_HIGH_deconv_kernel_estimator_top_level_6                                                                                           2               26.275                0.000                0.000                3.754               22.522                0.000               22.522                0.000                0.000
 clk_gate_config_nfft_reg                                                           deconv_kernel_estimator_top_level_SNPS_CLOCK_GATE_HIGH_deconv_kernel_estimator_top_level_0                                                                                           3               46.294                0.000                0.000                3.754               42.541                0.000               42.541                0.000                0.000
 clk_gate_nfft_cntr_reg                                                             deconv_kernel_estimator_top_level_SNPS_CLOCK_GATE_HIGH_deconv_kernel_estimator_top_level_7                                                                                           3               46.294                0.000                0.000                3.754               42.541                0.000               42.541                0.000                0.000
 clk_gate_tf_coeff_radr_reg                                                         deconv_kernel_estimator_top_level_SNPS_CLOCK_GATE_HIGH_deconv_kernel_estimator_top_level_5                                                                                           3               48.797                0.000                0.000                3.754               45.043                0.000               45.043                0.000                0.000
 deconv_kernel_magnitude_sram_interface_inst                                        deconv_kernel_estimator_top_level_deconv_kernel_magnitude_sram_interface_DATA_WIDTH16_ADDR_WIDTH12_DEPTH2048_0                                                                     875          1146210.373             5411.440              609.334             1388.832              646.870                0.000              106.352          1138153.896                0.000
  deconv_kernel_magnitude_sram_interface_inst/add_x_1                               deconv_kernel_estimator_top_level_deconv_kernel_magnitude_sram_interface_DATA_WIDTH16_ADDR_WIDTH12_DEPTH2048_DW01_inc_J2_1_0                                                        12              162.656                0.000                3.754              158.902                0.000                0.000                0.000                0.000                0.000
  deconv_kernel_magnitude_sram_interface_inst/add_x_2                               deconv_kernel_estimator_top_level_deconv_kernel_magnitude_sram_interface_DATA_WIDTH16_ADDR_WIDTH12_DEPTH2048_DW01_inc_J2_0_0                                                        12              162.656                0.000                3.754              158.902                0.000                0.000                0.000                0.000                0.000
  deconv_kernel_magnitude_sram_interface_inst/clk_gate_radr_r_reg                   deconv_kernel_estimator_top_level_SNPS_CLOCK_GATE_HIGH_deconv_kernel_magnitude_sram_interface_DATA_WIDTH16_ADDR_WIDTH12_DEPTH2048_0                                                  4               67.565                0.000                0.000                3.754               63.811                0.000               63.811                0.000                0.000
  deconv_kernel_magnitude_sram_interface_inst/clk_gate_wadr_r_reg                   deconv_kernel_estimator_top_level_SNPS_CLOCK_GATE_HIGH_deconv_kernel_magnitude_sram_interface_DATA_WIDTH16_ADDR_WIDTH12_DEPTH2048_1                                                  3               46.294                0.000                0.000                3.754               42.541                0.000               42.541                0.000                0.000
  deconv_kernel_magnitude_sram_interface_inst/ram_sync_1rw1r_inst                   deconv_kernel_estimator_top_level_ram_sync_1rw1r_DATA_WIDTH16_ADDR_WIDTH12_DEPTH2048_1                                                                                             787          1145076.786             5403.933              569.296              889.603               60.058                0.000                0.000          1138153.896                0.000
 deconv_kernel_phase_sram_interface_inst                                            deconv_kernel_estimator_top_level_deconv_kernel_phase_sram_interface_DATA_WIDTH16_ADDR_WIDTH12_DEPTH2048_0                                                                         774          1145940.114             5171.210              725.696             1222.422              666.890                0.000              126.371          1138153.896                0.000
  deconv_kernel_phase_sram_interface_inst/add_x_1                                   deconv_kernel_estimator_top_level_deconv_kernel_phase_sram_interface_DATA_WIDTH16_ADDR_WIDTH12_DEPTH2048_DW01_inc_J2_1_0                                                            12              162.656                0.000                3.754              158.902                0.000                0.000                0.000                0.000                0.000
  deconv_kernel_phase_sram_interface_inst/add_x_2                                   deconv_kernel_estimator_top_level_deconv_kernel_phase_sram_interface_DATA_WIDTH16_ADDR_WIDTH12_DEPTH2048_DW01_inc_J2_0_0                                                            13              166.410                0.000                7.507              158.902                0.000                0.000                0.000                0.000                0.000
  deconv_kernel_phase_sram_interface_inst/clk_gate_radr_r_reg                       deconv_kernel_estimator_top_level_SNPS_CLOCK_GATE_HIGH_deconv_kernel_phase_sram_interface_DATA_WIDTH16_ADDR_WIDTH12_DEPTH2048_0                                                      4               68.816                0.000                0.000                3.754               65.062                0.000               65.062                0.000                0.000
  deconv_kernel_phase_sram_interface_inst/clk_gate_wadr_r_reg                       deconv_kernel_estimator_top_level_SNPS_CLOCK_GATE_HIGH_deconv_kernel_phase_sram_interface_DATA_WIDTH16_ADDR_WIDTH12_DEPTH2048_1                                                      7               86.333                3.754               17.517                3.754               61.309                0.000               61.309                0.000                0.000
  deconv_kernel_phase_sram_interface_inst/ram_sync_1rw1r_inst                       deconv_kernel_estimator_top_level_ram_sync_1rw1r_DATA_WIDTH16_ADDR_WIDTH12_DEPTH2048_3                                                                                             672          1144676.402             5149.939              583.059              729.450               60.058                0.000                0.000          1138153.896                0.000
 deserializer_inst                                                                  deconv_kernel_estimator_top_level_deserializer_FETCH_WIDTH16_0                                                                                                                     131             1051.008               75.072               47.546              426.659              501.731                0.000               81.328                0.000                0.000
  deserializer_inst/clk_gate_parallel_data_reg                                      deconv_kernel_estimator_top_level_SNPS_CLOCK_GATE_HIGH_deserializer_FETCH_WIDTH16_0                                                                                                  6               93.840                0.000                8.758                3.754               81.328                0.000               81.328                0.000                0.000
 iir_notch_filter_inst                                                              deconv_kernel_estimator_top_level_iir_notch_filter_CONFIG_SIZE12_CORDIC_XY_BITS16_CORDIC_PHASE_BITS16_ADC_BITS8_FIXED_Q13_FILTER_ORDER2_LATENCY4_0                                7733            87715.376              208.950             4032.618            57516.413            25957.395                0.000             1684.115                0.000                0.000
  iir_notch_filter_inst/DP_OP_78J3_122_9085                                         deconv_kernel_estimator_top_level_iir_notch_filter_CONFIG_SIZE12_CORDIC_XY_BITS16_CORDIC_PHASE_BITS16_ADC_BITS8_FIXED_Q13_FILTER_ORDER2_LATENCY4_DP_OP_78J3_122_9085_J3_0_0         43              286.525                0.000               18.768              267.757                0.000                0.000                0.000                0.000                0.000
  iir_notch_filter_inst/DP_OP_79J3_123_8471                                         deconv_kernel_estimator_top_level_iir_notch_filter_CONFIG_SIZE12_CORDIC_XY_BITS16_CORDIC_PHASE_BITS16_ADC_BITS8_FIXED_Q13_FILTER_ORDER2_LATENCY4_DP_OP_79J3_123_8471_J3_0_0         33              680.653                0.000                0.000              680.653                0.000                0.000                0.000                0.000                0.000
  iir_notch_filter_inst/DP_OP_80J3_124_8471                                         deconv_kernel_estimator_top_level_iir_notch_filter_CONFIG_SIZE12_CORDIC_XY_BITS16_CORDIC_PHASE_BITS16_ADC_BITS8_FIXED_Q13_FILTER_ORDER2_LATENCY4_DP_OP_80J3_124_8471_J3_0_0         33              680.653                0.000                0.000              680.653                0.000                0.000                0.000                0.000                0.000
  iir_notch_filter_inst/add_x_10                                                    deconv_kernel_estimator_top_level_iir_notch_filter_CONFIG_SIZE12_CORDIC_XY_BITS16_CORDIC_PHASE_BITS16_ADC_BITS8_FIXED_Q13_FILTER_ORDER2_LATENCY4_DW01_inc_J3_0_0                    11              158.902                0.000                0.000              158.902                0.000                0.000                0.000                0.000                0.000
  iir_notch_filter_inst/add_x_7                                                     deconv_kernel_estimator_top_level_iir_notch_filter_CONFIG_SIZE12_CORDIC_XY_BITS16_CORDIC_PHASE_BITS16_ADC_BITS8_FIXED_Q13_FILTER_ORDER2_LATENCY4_DW01_add_J3_2_0                    17              347.834                0.000                0.000              347.834                0.000                0.000                0.000                0.000                0.000
  iir_notch_filter_inst/add_x_8                                                     deconv_kernel_estimator_top_level_iir_notch_filter_CONFIG_SIZE12_CORDIC_XY_BITS16_CORDIC_PHASE_BITS16_ADC_BITS8_FIXED_Q13_FILTER_ORDER2_LATENCY4_DW01_add_J3_1_0                    17              347.834                0.000                0.000              347.834                0.000                0.000                0.000                0.000                0.000
  iir_notch_filter_inst/add_x_9                                                     deconv_kernel_estimator_top_level_iir_notch_filter_CONFIG_SIZE12_CORDIC_XY_BITS16_CORDIC_PHASE_BITS16_ADC_BITS8_FIXED_Q13_FILTER_ORDER2_LATENCY4_DW01_inc_J3_1_0                    11              158.902                0.000                0.000              158.902                0.000                0.000                0.000                0.000                0.000
  iir_notch_filter_inst/clk_gate_den_phase_reg                                      deconv_kernel_estimator_top_level_SNPS_CLOCK_GATE_HIGH_iir_notch_filter_CONFIG_SIZE12_CORDIC_XY_BITS16_CORDIC_PHASE_BITS16_ADC_BITS8_FIXED_Q13_FILTER_ORDER2_LATENCY4_0             30              638.112                7.507                0.000                3.754              626.851                0.000              626.851                0.000                0.000
  iir_notch_filter_inst/clk_gate_phase_mem_indices_reg_1_                           deconv_kernel_estimator_top_level_SNPS_CLOCK_GATE_HIGH_iir_notch_filter_CONFIG_SIZE12_CORDIC_XY_BITS16_CORDIC_PHASE_BITS16_ADC_BITS8_FIXED_Q13_FILTER_ORDER2_LATENCY4_2              4               67.565                0.000                0.000                3.754               63.811                0.000               63.811                0.000                0.000
  iir_notch_filter_inst/clk_gate_reset_filt_reg                                     deconv_kernel_estimator_top_level_SNPS_CLOCK_GATE_HIGH_iir_notch_filter_CONFIG_SIZE12_CORDIC_XY_BITS16_CORDIC_PHASE_BITS16_ADC_BITS8_FIXED_Q13_FILTER_ORDER2_LATENCY4_1              2               23.773                0.000                0.000                3.754               20.019                0.000               20.019                0.000                0.000
  iir_notch_filter_inst/clk_gate_state_r_reg                                        deconv_kernel_estimator_top_level_SNPS_CLOCK_GATE_HIGH_iir_notch_filter_CONFIG_SIZE12_CORDIC_XY_BITS16_CORDIC_PHASE_BITS16_ADC_BITS8_FIXED_Q13_FILTER_ORDER2_LATENCY4_3              2               23.773                0.000                0.000                3.754               20.019                0.000               20.019                0.000                0.000
  iir_notch_filter_inst/cordic_rect_to_polar_inst_den                               deconv_kernel_estimator_top_level_cordic_rect_to_polar_1                                                                                                                          1049             9577.936               12.512              710.682             5919.427             2935.315                0.000              112.608                0.000                0.000
   iir_notch_filter_inst/cordic_rect_to_polar_inst_den/DP_OP_67J1_123_1532          deconv_kernel_estimator_top_level_cordic_rect_to_polar_0_DP_OP_67J1_123_1532_J1_0_1                                                                                                 49              745.715                0.000                0.000              745.715                0.000                0.000                0.000                0.000                0.000
   iir_notch_filter_inst/cordic_rect_to_polar_inst_den/DP_OP_70J1_122_3253          deconv_kernel_estimator_top_level_cordic_rect_to_polar_0_DP_OP_70J1_122_3253_J1_0_1                                                                                                 51              658.131                0.000               67.565              590.566                0.000                0.000                0.000                0.000                0.000
   iir_notch_filter_inst/cordic_rect_to_polar_inst_den/DP_OP_70J1_126_5376          deconv_kernel_estimator_top_level_cordic_rect_to_polar_0_DP_OP_70J1_126_5376_J1_0_1                                                                                                 49              745.715                0.000                0.000              745.715                0.000                0.000                0.000                0.000                0.000
   iir_notch_filter_inst/cordic_rect_to_polar_inst_den/DP_OP_73J1_129_6861          deconv_kernel_estimator_top_level_cordic_rect_to_polar_0_DP_OP_73J1_129_6861_J1_0_1                                                                                                 17              355.341                0.000                0.000              355.341                0.000                0.000                0.000                0.000                0.000
   iir_notch_filter_inst/cordic_rect_to_polar_inst_den/clk_gate_o_mag_reg           deconv_kernel_estimator_top_level_SNPS_CLOCK_GATE_HIGH_cordic_rect_to_polar_0_1                                                                                                      6              116.362                0.000                0.000                3.754              112.608                0.000              112.608                0.000                0.000
  iir_notch_filter_inst/cordic_rect_to_polar_inst_num                               deconv_kernel_estimator_top_level_cordic_rect_to_polar_0                                                                                                                          1042             9492.854               12.512              616.842             5930.688             2932.813                0.000              110.106                0.000                0.000
   iir_notch_filter_inst/cordic_rect_to_polar_inst_num/DP_OP_67J1_123_1532          deconv_kernel_estimator_top_level_cordic_rect_to_polar_0_DP_OP_67J1_123_1532_J1_0_0                                                                                                 49              745.715                0.000                0.000              745.715                0.000                0.000                0.000                0.000                0.000
   iir_notch_filter_inst/cordic_rect_to_polar_inst_num/DP_OP_70J1_122_3253          deconv_kernel_estimator_top_level_cordic_rect_to_polar_0_DP_OP_70J1_122_3253_J1_0_0                                                                                                 51              658.131                0.000               67.565              590.566                0.000                0.000                0.000                0.000                0.000
   iir_notch_filter_inst/cordic_rect_to_polar_inst_num/DP_OP_70J1_126_5376          deconv_kernel_estimator_top_level_cordic_rect_to_polar_0_DP_OP_70J1_126_5376_J1_0_0                                                                                                 49              745.715                0.000                0.000              745.715                0.000                0.000                0.000                0.000                0.000
   iir_notch_filter_inst/cordic_rect_to_polar_inst_num/DP_OP_73J1_129_6861          deconv_kernel_estimator_top_level_cordic_rect_to_polar_0_DP_OP_73J1_129_6861_J1_0_0                                                                                                 17              355.341                0.000                0.000              355.341                0.000                0.000                0.000                0.000                0.000
   iir_notch_filter_inst/cordic_rect_to_polar_inst_num/clk_gate_o_mag_reg           deconv_kernel_estimator_top_level_SNPS_CLOCK_GATE_HIGH_cordic_rect_to_polar_0_0                                                                                                      6              113.859                0.000                0.000                3.754              110.106                0.000              110.106                0.000                0.000
  iir_notch_filter_inst/fixed_pt_div_inst                                           deconv_kernel_estimator_top_level_fixed_pt_div_Q13_N16_0                                                                                                                           457             5097.389                5.005              222.714             2099.514             2770.157                0.000              377.862                0.000                0.000
   iir_notch_filter_inst/fixed_pt_div_inst/clk_gate_reg_count_reg                   deconv_kernel_estimator_top_level_SNPS_CLOCK_GATE_HIGH_fixed_pt_div_Q13_N16_2                                                                                                       11              228.970                0.000                0.000                3.754              225.216                0.000              225.216                0.000                0.000
   iir_notch_filter_inst/fixed_pt_div_inst/clk_gate_reg_quotient_reg                deconv_kernel_estimator_top_level_SNPS_CLOCK_GATE_HIGH_fixed_pt_div_Q13_N16_0                                                                                                        3               48.797                0.000                0.000                3.754               45.043                0.000               45.043                0.000                0.000
   iir_notch_filter_inst/fixed_pt_div_inst/clk_gate_reg_working_dividend_reg        deconv_kernel_estimator_top_level_SNPS_CLOCK_GATE_HIGH_fixed_pt_div_Q13_N16_1                                                                                                        6              111.357                0.000                0.000                3.754              107.603                0.000              107.603                0.000                0.000
   iir_notch_filter_inst/fixed_pt_div_inst/gte_x_2                                  deconv_kernel_estimator_top_level_fixed_pt_div_Q13_N16_DW_cmp_J4_0_0                                                                                                                92              491.722                0.000               82.579              409.142                0.000                0.000                0.000                0.000                0.000
   iir_notch_filter_inst/fixed_pt_div_inst/sub_x_1                                  deconv_kernel_estimator_top_level_fixed_pt_div_Q13_N16_DW01_dec_J4_0_0                                                                                                              34              207.699                0.000               18.768              188.931                0.000                0.000                0.000                0.000                0.000
   iir_notch_filter_inst/fixed_pt_div_inst/sub_x_3                                  deconv_kernel_estimator_top_level_fixed_pt_div_Q13_N16_DW01_sub_J4_0_0                                                                                                              56              715.686                0.000               97.594              618.093                0.000                0.000                0.000                0.000                0.000
  iir_notch_filter_inst/genblk2_0__cordic_polar_to_rect_inst_a                      deconv_kernel_estimator_top_level_cordic_polar_to_rect_0                                                                                                                           733             7364.563                0.000              347.834             4103.936             2912.794                0.000               90.086                0.000                0.000
   iir_notch_filter_inst/genblk2_0__cordic_polar_to_rect_inst_a/DP_OP_83J2_126_2151 deconv_kernel_estimator_top_level_cordic_polar_to_rect_0_DP_OP_83J2_126_2151_J2_0_0                                                                                                 39              589.315                0.000                0.000              589.315                0.000                0.000                0.000                0.000                0.000
   iir_notch_filter_inst/genblk2_0__cordic_polar_to_rect_inst_a/DP_OP_86J2_129_110  deconv_kernel_estimator_top_level_cordic_polar_to_rect_0_DP_OP_86J2_129_110_J2_0_0                                                                                                  39              589.315                0.000                0.000              589.315                0.000                0.000                0.000                0.000                0.000
   iir_notch_filter_inst/genblk2_0__cordic_polar_to_rect_inst_a/DP_OP_89J2_132_2642 deconv_kernel_estimator_top_level_cordic_polar_to_rect_0_DP_OP_89J2_132_2642_J2_0_0                                                                                                 17              355.341                0.000                0.000              355.341                0.000                0.000                0.000                0.000                0.000
   iir_notch_filter_inst/genblk2_0__cordic_polar_to_rect_inst_a/clk_gate_o_xval_reg deconv_kernel_estimator_top_level_SNPS_CLOCK_GATE_HIGH_cordic_polar_to_rect_0_0                                                                                                      5               93.840                0.000                0.000                3.754               90.086                0.000               90.086                0.000                0.000
  iir_notch_filter_inst/genblk2_0__cordic_polar_to_rect_inst_b                      deconv_kernel_estimator_top_level_cordic_polar_to_rect_3                                                                                                                           736             7348.298                3.754              339.075             4096.429             2909.040                0.000               86.333                0.000                0.000
   iir_notch_filter_inst/genblk2_0__cordic_polar_to_rect_inst_b/DP_OP_83J2_126_2151 deconv_kernel_estimator_top_level_cordic_polar_to_rect_0_DP_OP_83J2_126_2151_J2_0_3                                                                                                 39              589.315                0.000                0.000              589.315                0.000                0.000                0.000                0.000                0.000
   iir_notch_filter_inst/genblk2_0__cordic_polar_to_rect_inst_b/DP_OP_86J2_129_110  deconv_kernel_estimator_top_level_cordic_polar_to_rect_0_DP_OP_86J2_129_110_J2_0_3                                                                                                  40              593.069                3.754                0.000              589.315                0.000                0.000                0.000                0.000                0.000
   iir_notch_filter_inst/genblk2_0__cordic_polar_to_rect_inst_b/DP_OP_89J2_132_2642 deconv_kernel_estimator_top_level_cordic_polar_to_rect_0_DP_OP_89J2_132_2642_J2_0_3                                                                                                 17              355.341                0.000                0.000              355.341                0.000                0.000                0.000                0.000                0.000
   iir_notch_filter_inst/genblk2_0__cordic_polar_to_rect_inst_b/clk_gate_o_xval_reg deconv_kernel_estimator_top_level_SNPS_CLOCK_GATE_HIGH_cordic_polar_to_rect_0_3                                                                                                      7              100.096                0.000               10.010                3.754               86.333                0.000               86.333                0.000                0.000
  iir_notch_filter_inst/genblk2_1__cordic_polar_to_rect_inst_a                      deconv_kernel_estimator_top_level_cordic_polar_to_rect_2                                                                                                                           738             7402.099               11.261              374.109             4103.936             2912.794                0.000               90.086                0.000                0.000
   iir_notch_filter_inst/genblk2_1__cordic_polar_to_rect_inst_a/DP_OP_83J2_126_2151 deconv_kernel_estimator_top_level_cordic_polar_to_rect_0_DP_OP_83J2_126_2151_J2_0_2                                                                                                 40              593.069                3.754                0.000              589.315                0.000                0.000                0.000                0.000                0.000
   iir_notch_filter_inst/genblk2_1__cordic_polar_to_rect_inst_a/DP_OP_86J2_129_110  deconv_kernel_estimator_top_level_cordic_polar_to_rect_0_DP_OP_86J2_129_110_J2_0_2                                                                                                  39              589.315                0.000                0.000              589.315                0.000                0.000                0.000                0.000                0.000
   iir_notch_filter_inst/genblk2_1__cordic_polar_to_rect_inst_a/DP_OP_89J2_132_2642 deconv_kernel_estimator_top_level_cordic_polar_to_rect_0_DP_OP_89J2_132_2642_J2_0_2                                                                                                 17              355.341                0.000                0.000              355.341                0.000                0.000                0.000                0.000                0.000
   iir_notch_filter_inst/genblk2_1__cordic_polar_to_rect_inst_a/clk_gate_o_xval_reg deconv_kernel_estimator_top_level_SNPS_CLOCK_GATE_HIGH_cordic_polar_to_rect_0_2                                                                                                      5               93.840                0.000                0.000                3.754               90.086                0.000               90.086                0.000                0.000
  iir_notch_filter_inst/genblk2_1__cordic_polar_to_rect_inst_b                      deconv_kernel_estimator_top_level_cordic_polar_to_rect_1                                                                                                                           735             7347.046                5.005              345.331             4087.670             2909.040                0.000               86.333                0.000                0.000
   iir_notch_filter_inst/genblk2_1__cordic_polar_to_rect_inst_b/DP_OP_83J2_126_2151 deconv_kernel_estimator_top_level_cordic_polar_to_rect_0_DP_OP_83J2_126_2151_J2_0_1                                                                                                 39              589.315                0.000                0.000              589.315                0.000                0.000                0.000                0.000                0.000
   iir_notch_filter_inst/genblk2_1__cordic_polar_to_rect_inst_b/DP_OP_86J2_129_110  deconv_kernel_estimator_top_level_cordic_polar_to_rect_0_DP_OP_86J2_129_110_J2_0_1                                                                                                  39              589.315                0.000                0.000              589.315                0.000                0.000                0.000                0.000                0.000
   iir_notch_filter_inst/genblk2_1__cordic_polar_to_rect_inst_b/DP_OP_89J2_132_2642 deconv_kernel_estimator_top_level_cordic_polar_to_rect_0_DP_OP_89J2_132_2642_J2_0_1                                                                                                 18              360.346                5.005                0.000              355.341                0.000                0.000                0.000                0.000                0.000
   iir_notch_filter_inst/genblk2_1__cordic_polar_to_rect_inst_b/clk_gate_o_xval_reg deconv_kernel_estimator_top_level_SNPS_CLOCK_GATE_HIGH_cordic_polar_to_rect_0_1                                                                                                      5               90.086                0.000                0.000                3.754               86.333                0.000               86.333                0.000                0.000
  iir_notch_filter_inst/mult_x_1                                                    deconv_kernel_estimator_top_level_iir_notch_filter_CONFIG_SIZE12_CORDIC_XY_BITS16_CORDIC_PHASE_BITS16_ADC_BITS8_FIXED_Q13_FILTER_ORDER2_LATENCY4_DW02_mult_J3_3_0                  216             3769.866               11.261               60.058             3698.547                0.000                0.000                0.000                0.000                0.000
  iir_notch_filter_inst/mult_x_2                                                    deconv_kernel_estimator_top_level_iir_notch_filter_CONFIG_SIZE12_CORDIC_XY_BITS16_CORDIC_PHASE_BITS16_ADC_BITS8_FIXED_Q13_FILTER_ORDER2_LATENCY4_DW02_mult_J3_2_0                  217             3773.619               15.014               60.058             3698.547                0.000                0.000                0.000                0.000                0.000
  iir_notch_filter_inst/mult_x_3                                                    deconv_kernel_estimator_top_level_iir_notch_filter_CONFIG_SIZE12_CORDIC_XY_BITS16_CORDIC_PHASE_BITS16_ADC_BITS8_FIXED_Q13_FILTER_ORDER2_LATENCY4_DW02_mult_J3_1_0                  213             3758.605                0.000               60.058             3698.547                0.000                0.000                0.000                0.000                0.000
  iir_notch_filter_inst/mult_x_4                                                    deconv_kernel_estimator_top_level_iir_notch_filter_CONFIG_SIZE12_CORDIC_XY_BITS16_CORDIC_PHASE_BITS16_ADC_BITS8_FIXED_Q13_FILTER_ORDER2_LATENCY4_DW02_mult_J3_0_0                  213             3758.605                0.000               60.058             3698.547                0.000                0.000                0.000                0.000                0.000
  iir_notch_filter_inst/mult_x_5                                                    deconv_kernel_estimator_top_level_iir_notch_filter_CONFIG_SIZE12_CORDIC_XY_BITS16_CORDIC_PHASE_BITS16_ADC_BITS8_FIXED_Q13_FILTER_ORDER2_LATENCY4_DW_mult_uns_J3_1_0                204             3587.190                0.000               60.058             3527.133                0.000                0.000                0.000                0.000                0.000
  iir_notch_filter_inst/mult_x_6                                                    deconv_kernel_estimator_top_level_iir_notch_filter_CONFIG_SIZE12_CORDIC_XY_BITS16_CORDIC_PHASE_BITS16_ADC_BITS8_FIXED_Q13_FILTER_ORDER2_LATENCY4_DW_mult_uns_J3_0_0                204             3587.190                0.000               60.058             3527.133                0.000                0.000                0.000                0.000                0.000
  iir_notch_filter_inst/sub_x_11                                                    deconv_kernel_estimator_top_level_iir_notch_filter_CONFIG_SIZE12_CORDIC_XY_BITS16_CORDIC_PHASE_BITS16_ADC_BITS8_FIXED_Q13_FILTER_ORDER2_LATENCY4_DW01_sub_J3_1_0                    32              400.384                0.000               52.550              347.834                0.000                0.000                0.000                0.000                0.000
  iir_notch_filter_inst/sub_x_13                                                    deconv_kernel_estimator_top_level_iir_notch_filter_CONFIG_SIZE12_CORDIC_XY_BITS16_CORDIC_PHASE_BITS16_ADC_BITS8_FIXED_Q13_FILTER_ORDER2_LATENCY4_DW01_sub_J3_0_0                    22              280.269                0.000               37.536              242.733                0.000                0.000                0.000                0.000                0.000
 phase_vec_sram_interface_inst                                                      deconv_kernel_estimator_top_level_phase_vec_sram_interface_DATA_WIDTH16_ADDR_WIDTH12_DEPTH2048_0                                                                                  1176          1148394.968             6175.923              819.536             2557.453              688.160                0.000               87.584          1138153.896                0.000
  phase_vec_sram_interface_inst/add_x_7                                             deconv_kernel_estimator_top_level_phase_vec_sram_interface_DATA_WIDTH16_ADDR_WIDTH12_DEPTH2048_DW01_inc_J1_1_0                                                                      11              158.902                0.000                0.000              158.902                0.000                0.000                0.000                0.000                0.000
  phase_vec_sram_interface_inst/add_x_8                                             deconv_kernel_estimator_top_level_phase_vec_sram_interface_DATA_WIDTH16_ADDR_WIDTH12_DEPTH2048_DW01_inc_J1_0_0                                                                      12              162.656                0.000                3.754              158.902                0.000                0.000                0.000                0.000                0.000
  phase_vec_sram_interface_inst/clk_gate_radr_r_reg                                 deconv_kernel_estimator_top_level_SNPS_CLOCK_GATE_HIGH_phase_vec_sram_interface_DATA_WIDTH16_ADDR_WIDTH12_DEPTH2048_0                                                                3               46.294                0.000                0.000                3.754               42.541                0.000               42.541                0.000                0.000
  phase_vec_sram_interface_inst/clk_gate_rwadr_r_reg                                deconv_kernel_estimator_top_level_SNPS_CLOCK_GATE_HIGH_phase_vec_sram_interface_DATA_WIDTH16_ADDR_WIDTH12_DEPTH2048_1                                                                3               48.797                0.000                0.000                3.754               45.043                0.000               45.043                0.000                0.000
  phase_vec_sram_interface_inst/ram_sync_1rw1r_inst                                 deconv_kernel_estimator_top_level_ram_sync_1rw1r_DATA_WIDTH16_ADDR_WIDTH12_DEPTH2048_2                                                                                            1056          1147006.136             6175.923              808.275             1747.926              120.115                0.000                0.000          1138153.896                0.000
 serializer_inst                                                                    deconv_kernel_estimator_top_level_serializer_FETCH_WIDTH16_0                                                                                                                        48              347.834                5.005               26.275              176.419              140.134                0.000                0.000                0.000                0.000
 tf_coeff_sram_interface_inst                                                       deconv_kernel_estimator_top_level_tf_coeff_sram_interface_DATA_WIDTH16_ADDR_WIDTH12_DEPTH2048_0                                                                                    771          1145623.560             4668.227              683.155             1490.179              628.102                0.000               87.584          1138153.896                0.000
  tf_coeff_sram_interface_inst/add_x_7                                              deconv_kernel_estimator_top_level_tf_coeff_sram_interface_DATA_WIDTH16_ADDR_WIDTH12_DEPTH2048_DW01_inc_J4_1_0                                                                       11              158.902                0.000                0.000              158.902                0.000                0.000                0.000                0.000                0.000
  tf_coeff_sram_interface_inst/add_x_8                                              deconv_kernel_estimator_top_level_tf_coeff_sram_interface_DATA_WIDTH16_ADDR_WIDTH12_DEPTH2048_DW01_inc_J4_0_0                                                                       12              162.656                0.000                3.754              158.902                0.000                0.000                0.000                0.000                0.000
  tf_coeff_sram_interface_inst/clk_gate_radr_r_reg                                  deconv_kernel_estimator_top_level_SNPS_CLOCK_GATE_HIGH_tf_coeff_sram_interface_DATA_WIDTH16_ADDR_WIDTH12_DEPTH2048_0                                                                 3               46.294                0.000                0.000                3.754               42.541                0.000               42.541                0.000                0.000
  tf_coeff_sram_interface_inst/clk_gate_rwadr_r_reg                                 deconv_kernel_estimator_top_level_SNPS_CLOCK_GATE_HIGH_tf_coeff_sram_interface_DATA_WIDTH16_ADDR_WIDTH12_DEPTH2048_1                                                                 4               53.802                0.000                5.005                3.754               45.043                0.000               45.043                0.000                0.000
  tf_coeff_sram_interface_inst/ram_sync_1rw1r_inst                                  deconv_kernel_estimator_top_level_ram_sync_1rw1r_DATA_WIDTH16_ADDR_WIDTH12_DEPTH2048_0                                                                                             651          1144263.506             4668.227              654.378              726.947               60.058                0.000                0.000          1138153.896                0.000
